40
20
~~~~~~~~~~~~~~~~~~~~~~~~~~~~~~~~~~~~~~~~
~"""""""""""""""""""""""""""""""""""""~~
~"""""%%%%%%%%%%%%%%%%%%%%%%%%%%%"""""~~
~"""""%%%%%%%%%%%%%%%%%%%%%%%%%%%"""""~~
~"""""%%%%%%~~~~~~~~~~~~~~~%%%%%%"""""~~
~"""""%%%%%%~~~~~~~~~~~~~~~%%%%%%"""""~~
~"""""%%%%%%~~~~~~~~~~~~~~~%%%%%%"""""~~
~"""""%%%%%%~~~~~~~~~~~~~~~%%%%%%"""""~~
~"""""%%%%%%===============%%%%%%"""""~~
~"""""%%%%%%===============%%%%%%"""""~~
~"""""%%%%%%~~~~~~~~~~~~~~~%%%%%%"""""~~
~"""""%%%%%%~~~~~~~~~~~~~~~%%%%%%"""""~~
~"""""%%%%%%~~~~~~~~~~~~~~~%%%%%%"""""~~
~"""""%%%%%%~~~~~~~~~~~~~~~%%%%%%"""""~~
~"""""%%%%%%%%%%%%%%%%%%%%%%%%%%%"""""~~
~"""""%%%%%%%%%%%%%%%%%%%%%%%%%%%"""""~~
~"""""""""""""""""""""""""""""""""""""~~
~"""""""""""""""""""""""""""""""""""""~~
~~~~~~~~~~~~~~~~~~~~~~~~~~~~~~~~~~~~~~~~
~~~~~~~~~~~~~~~~~~~~~~~~~~~~~~~~~~~~~~~~

2
........................................
........................................
........................................
........................................
........................................
........................................
....#...................................
........................................
........................................
........................................
..@.....................................
........................................
........................................
........................................
............*...........................
........................................
........................................
........................................
........................................
........................................

........................................
........................................
........................................
........................................
........................................
........................................
...................................#....
........................................
........................................
........................................
.....................................@..
........................................
........................................
........................................
..........................*.............
........................................
........................................
........................................
........................................
........................................

